== DualDex H&S 2.0.5 runtime battle-state probe ==
core   : /home/dq/Projects/upstream-hns/mgba-host/mgba_libretro.so
rom    : /home/dq/Downloads/Pokémon Heart and Soul (v2.0.5).gba
save   : .scratch/hns205.sav
script : .scratch/golden-a2.txt
layout : playerParty=0x34764 playerPartyCount=0x342A4 enemyParty=0x342B4 enemyPartyCount=0x342A5 battleMons=0x420 battlersCount=0xB0 battleTypeFlags=0xAC outcome=0x12C partyIndexes=0x144 positions=0x238 absentFlags=0x30A gMain=0x03005BD8+0x439 bit 1

-- memory regions after load: 0 --
save RAM size: 131072 bytes
battery save load: OK

-- runtime table (a row appears on every observed state change) --
     1  INACTIVE  NONE      ABSENT   inB=false bat=0 flags=0x00000000 idx=0,0,0,0 pos=0,0,0,0 sp=0,0,0,0 hp=0,0,0,0 eParty=0/0 ae=NONE_ACTIVE slot=-1 bat=-1 opp=0 fnt=0 pParty=0 pSlot=-1/0 st0=0,0,0,0
   209  INACTIVE  NONE      ABSENT   inB=false bat=0 flags=0x00000000 idx=0,0,0,0 pos=0,0,0,0 sp=0,0,0,0 hp=0,0,0,0 eParty=0/0 ae=NONE_ACTIVE slot=-1 bat=-1 opp=0 fnt=0 pParty=1 pSlot=-1/0 st0=0,0,0,0
  [assert] battle=inactive OK (frame 1120)
  [assert] playerPartyCount=1 OK (frame 1120)
  1587  INITIALIZING UNKNOWN   UNKNOWN  inB=true  bat=0 flags=0x00000000 idx=0,0,0,0 pos=255,255,255,255 sp=0,0,0,0 hp=0,0,0,0 eParty=1/0 ae=NONE_ACTIVE slot=-1 bat=-1 opp=0 fnt=0 pParty=1 pSlot=-1/0 st0=0,0,0,0
  1589  INITIALIZING UNKNOWN   UNKNOWN  inB=true  bat=0 flags=0x00000004 idx=0,0,0,0 pos=255,255,255,255 sp=0,0,0,0 hp=0,0,0,0 eParty=1/0 ae=NONE_ACTIVE slot=-1 bat=-1 opp=0 fnt=0 pParty=1 pSlot=-1/0 st0=0,0,0,0
  1590  ACTIVE    WILD_SINGLE PRESENT  inB=true  bat=2 flags=0x00000004 idx=0,0,0,0 pos=0,1,255,255 sp=0,0,0,0 hp=0,0,0,0 eParty=1/1 ae=NONE_ACTIVE slot=-1 bat=-1 opp=0 fnt=0 pParty=1 pSlot=-1/0 st0=0,0,0,0
  [hunt] ENCOUNTER after 6 iterations
  1615  ACTIVE    WILD_SINGLE PRESENT  inB=true  bat=2 flags=0x00000004 idx=0,0,0,0 pos=0,1,255,255 sp=152,16,0,0 hp=20,16,0,0 eParty=1/1 ae=SLOT slot=0 bat=1 opp=1 fnt=0 pParty=1 pSlot=0/1 st0=6,6,6,6
  [assert] battle=active OK (frame 1903)
  [assert] battleKind=WILD_SINGLE OK (frame 1903)
  [party-stats] side=player count=1 activeSlot=0 activeKnown=1 activeBattler=0 ambiguous=0 at frame 1903
  [party-stats]   slot 0 species=152 lvl=5 hp=20/20 atk=12 def=12 spe=8 spa=11 spd=11 nature=2 hiddenNature=2(+0) ivs=27/24/19/4/29/2 evs=0/0/0/0/0/0 moves=33,45,0,0
  [party-stats] side=enemy count=1 activeSlot=0 activeKnown=1 activeBattler=1 ambiguous=0 at frame 1903
  [party-stats]   slot 0 species=16 lvl=3 hp=16/16 atk=8 def=7 spe=8 spa=8 spd=7 nature=18 hiddenNature=18(+0) ivs=30/30/15/16/30/23 evs=0/0/0/0/0/0 moves=33,64,0,0
[GOLDEN] label=A-before frame=1903 lifecycle=ACTIVE kind=WILD_SINGLE battlers=2 absent=0x00 presence=PRESENT playerParty=1 enemyParty=1
[GOLDEN] side=player battler=0 partySlot=0 status=2 ability=65 abilityObs=1 types=13,13,10 typesObs=1 item=0 itemObs=1 statsObs=1 atk=12 def=12 spe=8 spa=11 spd=11 stagesObs=1 stages=0,0,0,0,0,0,0,0 badgesObs=1 badges=0,0,0,0,0 rawBadges=0x00 absentReadable=1 battlersCountReadable=1
[GOLDEN] side=player species=152 hp=20 maxHP=20 moves=33,45,0,0 partyIndex=0
[GOLDEN] side=enemy battler=1 partySlot=0 status=2 ability=51 abilityObs=1 types=1,3,10 typesObs=1 item=0 itemObs=1 statsObs=1 atk=8 def=7 spe=8 spa=8 spd=7 stagesObs=1 stages=0,0,0,0,0,0,0,0 badgesObs=0 badges=0,0,0,0,0 rawBadges=0x00 absentReadable=1 battlersCountReadable=1
[GOLDEN] side=enemy species=16 hp=16 maxHP=16 moves=33,64,0,0 partyIndex=0
  [damage-probe] move=33 maxTurns=3 kind=WILD_SINGLE battlers=2 enemyParty=1 activeEnemy=SLOT slot=0 battler=1 at frame 1903
  [damage-probe] opponent battler=1 species=16 hp=16/16
  2260  ACTIVE    WILD_SINGLE PRESENT  inB=true  bat=2 flags=0x00000004 idx=0,0,0,0 pos=0,1,255,255 sp=152,16,0,0 hp=20,10,0,0 eParty=1/1 ae=SLOT slot=0 bat=1 opp=1 fnt=0 pParty=1 pSlot=0/1 st0=6,6,6,6
  [damage-probe] turn=1 battler=1 species=16 hp 16 -> 10 (delta 6 of maxHP 16) faint=no crit=UNKNOWN frame=2260
  2403  ACTIVE    WILD_SINGLE PRESENT  inB=true  bat=2 flags=0x00000004 idx=0,0,0,0 pos=0,1,255,255 sp=152,16,0,0 hp=14,10,0,0 eParty=1/1 ae=SLOT slot=0 bat=1 opp=1 fnt=0 pParty=1 pSlot=0/1 st0=6,6,6,6
  2622  ACTIVE    WILD_SINGLE PRESENT  inB=true  bat=2 flags=0x00000004 idx=0,0,0,0 pos=0,1,255,255 sp=152,16,0,0 hp=14,0,0,0 eParty=1/1 ae=SLOT slot=0 bat=1 opp=1 fnt=1 pParty=1 pSlot=0/1 st0=6,6,6,6
  [damage-probe] turn=2 battler=1 species=16 hp 10 -> 0 (delta 10 of maxHP 16) faint=YES crit=UNKNOWN frame=2622
  2826  ENDING    UNKNOWN   UNKNOWN  inB=true  bat=2 flags=0x00000004 idx=0,0,0,0 pos=0,1,255,255 sp=152,16,0,0 hp=14,0,0,0 eParty=1/0 ae=NONE_ACTIVE slot=-1 bat=-1 opp=0 fnt=0 pParty=1 pSlot=-1/0 st0=6,6,6,6
  2837  ENDING    UNKNOWN   UNKNOWN  inB=true  bat=2 flags=0x00000004 idx=0,0,0,0 pos=0,1,255,255 sp=0,0,0,0 hp=14,0,0,0 eParty=1/0 ae=NONE_ACTIVE slot=-1 bat=-1 opp=0 fnt=0 pParty=1 pSlot=-1/0 st0=6,6,6,6
  2875  INACTIVE  NONE      ABSENT   inB=false bat=2 flags=0x00000004 idx=0,0,0,0 pos=0,1,255,255 sp=0,0,0,0 hp=14,0,0,0 eParty=1/0 ae=NONE_ACTIVE slot=-1 bat=-1 opp=0 fnt=0 pParty=1 pSlot=-1/0 st0=6,6,6,6
  [damage-probe] battle ended after 2 turns (frame 2875)
[GOLDEN] label=A-after frame=2875 lifecycle=INACTIVE kind=NONE battlers=2 absent=0x00 presence=ABSENT playerParty=1 enemyParty=1
[GOLDEN] side=player battler=-1 partySlot=-1 status=0 ability=0 abilityObs=0 types=0,0,0 typesObs=0 item=0 itemObs=0 statsObs=0 atk=0 def=0 spe=0 spa=0 spd=0 stagesObs=0 stages=0,0,0,0,0,0,0,0 badgesObs=0 badges=0,0,0,0,0 rawBadges=0x00 absentReadable=0 battlersCountReadable=0
[GOLDEN] side=enemy battler=-1 partySlot=-1 status=0 ability=0 abilityObs=0 types=0,0,0 typesObs=0 item=0 itemObs=0 statsObs=0 atk=0 def=0 spe=0 spa=0 spd=0 stagesObs=0 stages=0,0,0,0,0,0,0,0 badgesObs=0 badges=0,0,0,0,0 rawBadges=0x00 absentReadable=0 battlersCountReadable=0

-- summary --
frames run                    : 2875
frames checked                : 2875
runtime invariant violations  : 0
script errors                 : 0
script runner status          : ok
result                        : PASS
-- regions after unload: 0 (must be 0) --
-- read after unload must be rejected: rejected (correct) --
