== DualDex H&S 2.0.5 runtime battle-state probe ==
core   : /home/dq/Projects/upstream-hns/mgba-host/mgba_libretro.so
rom    : /home/dq/Downloads/Pokémon Heart and Soul (v2.0.5).gba
save   : .scratch/hns205.sav
script : tools/hns-runtime-probe/scenarios/62-golden-b-stab-grind.txt
layout : playerParty=0x34764 playerPartyCount=0x342A4 enemyParty=0x342B4 enemyPartyCount=0x342A5 battleMons=0x420 battlersCount=0xB0 battleTypeFlags=0xAC outcome=0x12C partyIndexes=0x144 positions=0x238 absentFlags=0x30A gMain=0x03005BD8+0x439 bit 1
rom sha256 : edf76ecf2a1c23a65c62ab63b1c0e775965978c81baeed20e249e96b3417679b
[ROM] path=/home/dq/Downloads/Pokémon Heart and Soul (v2.0.5).gba sha256=edf76ecf2a1c23a65c62ab63b1c0e775965978c81baeed20e249e96b3417679b loaded=1

-- memory regions after load: 0 --
save RAM size: 131072 bytes
battery save load: OK

-- runtime table (a row appears on every observed state change) --
     1  INACTIVE  NONE      ABSENT   inB=false bat=0 flags=0x00000000 idx=0,0,0,0 pos=0,0,0,0 sp=0,0,0,0 hp=0,0,0,0 eParty=0/0 ae=NONE_ACTIVE slot=-1 bat=-1 opp=0 fnt=0 pParty=0 pSlot=-1/0 st0=0,0,0,0
   209  INACTIVE  NONE      ABSENT   inB=false bat=0 flags=0x00000000 idx=0,0,0,0 pos=0,0,0,0 sp=0,0,0,0 hp=0,0,0,0 eParty=0/0 ae=NONE_ACTIVE slot=-1 bat=-1 opp=0 fnt=0 pParty=1 pSlot=-1/0 st0=0,0,0,0
  [assert] battle=inactive OK (frame 1120)
  [assert] playerPartyCount=1 OK (frame 1120)
  1767  INITIALIZING UNKNOWN   UNKNOWN  inB=true  bat=0 flags=0x00000000 idx=0,0,0,0 pos=255,255,255,255 sp=0,0,0,0 hp=0,0,0,0 eParty=1/0 ae=NONE_ACTIVE slot=-1 bat=-1 opp=0 fnt=0 pParty=1 pSlot=-1/0 st0=0,0,0,0
  1769  INITIALIZING UNKNOWN   UNKNOWN  inB=true  bat=0 flags=0x00000004 idx=0,0,0,0 pos=255,255,255,255 sp=0,0,0,0 hp=0,0,0,0 eParty=1/0 ae=NONE_ACTIVE slot=-1 bat=-1 opp=0 fnt=0 pParty=1 pSlot=-1/0 st0=0,0,0,0
  1770  ACTIVE    WILD_SINGLE PRESENT  inB=true  bat=2 flags=0x00000004 idx=0,0,0,0 pos=0,1,255,255 sp=0,0,0,0 hp=0,0,0,0 eParty=1/1 ae=NONE_ACTIVE slot=-1 bat=-1 opp=0 fnt=0 pParty=1 pSlot=-1/0 st0=0,0,0,0
  1795  ACTIVE    WILD_SINGLE PRESENT  inB=true  bat=2 flags=0x00000004 idx=0,0,0,0 pos=0,1,255,255 sp=152,19,0,0 hp=20,13,0,0 eParty=1/1 ae=SLOT slot=0 bat=1 opp=1 fnt=0 pParty=1 pSlot=0/1 st0=6,6,6,6
  [golden-grind] encounter 0 frame=1795 kind=WILD_SINGLE species=19 def=7 golden=0
  2329  ACTIVE    WILD_SINGLE PRESENT  inB=true  bat=2 flags=0x00000004 idx=0,0,0,0 pos=0,1,255,255 sp=152,19,0,0 hp=20,13,0,0 eParty=1/1 ae=SLOT slot=0 bat=1 opp=1 fnt=0 pParty=1 pSlot=0/1 st0=6,6,5,6
  2582  ACTIVE    WILD_SINGLE PRESENT  inB=true  bat=2 flags=0x00000004 idx=0,0,0,0 pos=0,1,255,255 sp=152,19,0,0 hp=20,7,0,0 eParty=1/1 ae=SLOT slot=0 bat=1 opp=1 fnt=0 pParty=1 pSlot=0/1 st0=6,6,5,6
  [golden-grind] hit move=33 species=19 def=7 lvl=5 delta=6 hp=7/13 not usable; continuing
  2765  ACTIVE    WILD_SINGLE PRESENT  inB=true  bat=2 flags=0x00000004 idx=0,0,0,0 pos=0,1,255,255 sp=152,19,0,0 hp=17,7,0,0 eParty=1/1 ae=SLOT slot=0 bat=1 opp=1 fnt=0 pParty=1 pSlot=0/1 st0=6,6,5,6
  2924  ACTIVE    WILD_SINGLE PRESENT  inB=true  bat=2 flags=0x00000004 idx=0,0,0,0 pos=0,1,255,255 sp=152,19,0,0 hp=17,0,0,0 eParty=1/1 ae=SLOT slot=0 bat=1 opp=1 fnt=1 pParty=1 pSlot=0/1 st0=6,6,5,6
  [golden-grind] hit move=33 species=19 def=0 lvl=5 delta=7 hp=0/13 not usable; continuing
  3098  ENDING    UNKNOWN   UNKNOWN  inB=true  bat=2 flags=0x00000004 idx=0,0,0,0 pos=0,1,255,255 sp=152,19,0,0 hp=17,0,0,0 eParty=1/0 ae=NONE_ACTIVE slot=-1 bat=-1 opp=0 fnt=0 pParty=1 pSlot=-1/0 st0=6,6,5,6
  3108  ENDING    UNKNOWN   UNKNOWN  inB=true  bat=2 flags=0x00000004 idx=0,0,0,0 pos=0,1,255,255 sp=0,0,0,0 hp=17,0,0,0 eParty=1/0 ae=NONE_ACTIVE slot=-1 bat=-1 opp=0 fnt=0 pParty=1 pSlot=-1/0 st0=6,6,5,6
  3147  INACTIVE  NONE      ABSENT   inB=false bat=2 flags=0x00000004 idx=0,0,0,0 pos=0,1,255,255 sp=0,0,0,0 hp=17,0,0,0 eParty=1/0 ae=NONE_ACTIVE slot=-1 bat=-1 opp=0 fnt=0 pParty=1 pSlot=-1/0 st0=6,6,5,6
  [golden-grind] encounter 0 ended without a usable golden hit
  3268  INACTIVE  NONE      ABSENT   inB=false bat=2 flags=0x00000000 idx=0,0,0,0 pos=0,1,255,255 sp=0,0,0,0 hp=17,0,0,0 eParty=1/0 ae=NONE_ACTIVE slot=-1 bat=-1 opp=0 fnt=0 pParty=1 pSlot=-1/0 st0=6,6,5,6
  3367  ENDING    UNKNOWN   UNKNOWN  inB=true  bat=2 flags=0x00000000 idx=0,0,0,0 pos=255,255,255,255 sp=0,0,0,0 hp=17,0,0,0 eParty=1/0 ae=NONE_ACTIVE slot=-1 bat=-1 opp=0 fnt=0 pParty=1 pSlot=-1/0 st0=6,6,5,6
  3369  ENDING    UNKNOWN   UNKNOWN  inB=true  bat=2 flags=0x00000004 idx=0,0,0,0 pos=255,255,255,255 sp=0,0,0,0 hp=17,0,0,0 eParty=1/0 ae=NONE_ACTIVE slot=-1 bat=-1 opp=0 fnt=0 pParty=1 pSlot=-1/0 st0=6,6,5,6
  3370  ENDING    UNKNOWN   UNKNOWN  inB=true  bat=2 flags=0x00000004 idx=0,0,0,0 pos=0,1,255,255 sp=0,0,0,0 hp=17,0,0,0 eParty=1/0 ae=NONE_ACTIVE slot=-1 bat=-1 opp=0 fnt=0 pParty=1 pSlot=-1/0 st0=6,6,5,6
  3388  ACTIVE    WILD_SINGLE PRESENT  inB=true  bat=2 flags=0x00000004 idx=0,0,0,0 pos=0,1,255,255 sp=0,0,0,0 hp=17,0,0,0 eParty=1/1 ae=NONE_ACTIVE slot=-1 bat=-1 opp=0 fnt=0 pParty=1 pSlot=-1/0 st0=6,6,5,6
  3395  ACTIVE    WILD_SINGLE PRESENT  inB=true  bat=2 flags=0x00000004 idx=0,0,0,0 pos=0,1,255,255 sp=152,161,0,0 hp=17,15,0,0 eParty=1/1 ae=SLOT slot=0 bat=1 opp=1 fnt=0 pParty=1 pSlot=0/1 st0=6,6,6,6
  [golden-grind] encounter 1 frame=3395 kind=WILD_SINGLE species=161 def=6 golden=0
  3942  ACTIVE    WILD_SINGLE PRESENT  inB=true  bat=2 flags=0x00000004 idx=0,0,0,0 pos=0,1,255,255 sp=152,161,0,0 hp=17,8,0,0 eParty=1/1 ae=SLOT slot=0 bat=1 opp=1 fnt=0 pParty=1 pSlot=0/1 st0=6,6,6,6
  [golden-grind] hit move=33 species=161 def=6 lvl=5 delta=7 hp=8/15 not usable; continuing
  4092  ACTIVE    WILD_SINGLE PRESENT  inB=true  bat=2 flags=0x00000004 idx=0,0,0,0 pos=0,1,255,255 sp=152,161,0,0 hp=10,8,0,0 eParty=1/1 ae=SLOT slot=0 bat=1 opp=1 fnt=0 pParty=1 pSlot=0/1 st0=6,6,6,6
  4297  ACTIVE    WILD_SINGLE PRESENT  inB=true  bat=2 flags=0x00000004 idx=0,0,0,0 pos=0,1,255,255 sp=152,161,0,0 hp=10,1,0,0 eParty=1/1 ae=SLOT slot=0 bat=1 opp=1 fnt=0 pParty=1 pSlot=0/1 st0=6,6,6,6
  [golden-grind] hit move=33 species=161 def=6 lvl=5 delta=7 hp=1/15 not usable; continuing
  4717  ACTIVE    WILD_SINGLE PRESENT  inB=true  bat=2 flags=0x00000004 idx=0,0,0,0 pos=0,1,255,255 sp=152,161,0,0 hp=10,0,0,0 eParty=1/1 ae=SLOT slot=0 bat=1 opp=1 fnt=1 pParty=1 pSlot=0/1 st0=6,6,6,6
  [golden-grind] hit move=33 species=161 def=0 lvl=5 delta=1 hp=0/15 not usable; continuing
  4899  ENDING    UNKNOWN   UNKNOWN  inB=true  bat=2 flags=0x00000004 idx=0,0,0,0 pos=0,1,255,255 sp=152,161,0,0 hp=10,0,0,0 eParty=1/0 ae=NONE_ACTIVE slot=-1 bat=-1 opp=0 fnt=0 pParty=1 pSlot=-1/0 st0=6,6,6,6
  4910  ENDING    UNKNOWN   UNKNOWN  inB=true  bat=2 flags=0x00000004 idx=0,0,0,0 pos=0,1,255,255 sp=0,0,0,0 hp=10,0,0,0 eParty=1/0 ae=NONE_ACTIVE slot=-1 bat=-1 opp=0 fnt=0 pParty=1 pSlot=-1/0 st0=6,6,6,6
  4948  INACTIVE  NONE      ABSENT   inB=false bat=2 flags=0x00000004 idx=0,0,0,0 pos=0,1,255,255 sp=0,0,0,0 hp=10,0,0,0 eParty=1/0 ae=NONE_ACTIVE slot=-1 bat=-1 opp=0 fnt=0 pParty=1 pSlot=-1/0 st0=6,6,6,6
  [golden-grind] encounter 1 ended without a usable golden hit
  5393  INACTIVE  NONE      ABSENT   inB=false bat=2 flags=0x00000000 idx=0,0,0,0 pos=0,1,255,255 sp=0,0,0,0 hp=10,0,0,0 eParty=1/0 ae=NONE_ACTIVE slot=-1 bat=-1 opp=0 fnt=0 pParty=1 pSlot=-1/0 st0=6,6,6,6
  5492  ENDING    UNKNOWN   UNKNOWN  inB=true  bat=2 flags=0x00000000 idx=0,0,0,0 pos=255,255,255,255 sp=0,0,0,0 hp=10,0,0,0 eParty=1/0 ae=NONE_ACTIVE slot=-1 bat=-1 opp=0 fnt=0 pParty=1 pSlot=-1/0 st0=6,6,6,6
  5494  ENDING    UNKNOWN   UNKNOWN  inB=true  bat=2 flags=0x00000004 idx=0,0,0,0 pos=255,255,255,255 sp=0,0,0,0 hp=10,0,0,0 eParty=1/0 ae=NONE_ACTIVE slot=-1 bat=-1 opp=0 fnt=0 pParty=1 pSlot=-1/0 st0=6,6,6,6
  5495  ENDING    UNKNOWN   UNKNOWN  inB=true  bat=2 flags=0x00000004 idx=0,0,0,0 pos=0,1,255,255 sp=0,0,0,0 hp=10,0,0,0 eParty=1/0 ae=NONE_ACTIVE slot=-1 bat=-1 opp=0 fnt=0 pParty=1 pSlot=-1/0 st0=6,6,6,6
  5513  ACTIVE    WILD_SINGLE PRESENT  inB=true  bat=2 flags=0x00000004 idx=0,0,0,0 pos=0,1,255,255 sp=0,0,0,0 hp=10,0,0,0 eParty=1/1 ae=NONE_ACTIVE slot=-1 bat=-1 opp=0 fnt=0 pParty=1 pSlot=-1/0 st0=6,6,6,6
  5520  ACTIVE    WILD_SINGLE PRESENT  inB=true  bat=2 flags=0x00000004 idx=0,0,0,0 pos=0,1,255,255 sp=152,16,0,0 hp=10,13,0,0 eParty=1/1 ae=SLOT slot=0 bat=1 opp=1 fnt=0 pParty=1 pSlot=0/1 st0=6,6,6,6
  [golden-grind] encounter 2 frame=5520 kind=WILD_SINGLE species=16 def=6 golden=0
  6067  ACTIVE    WILD_SINGLE PRESENT  inB=true  bat=2 flags=0x00000004 idx=0,0,0,0 pos=0,1,255,255 sp=152,16,0,0 hp=10,7,0,0 eParty=1/1 ae=SLOT slot=0 bat=1 opp=1 fnt=0 pParty=1 pSlot=0/1 st0=6,6,6,6
  [golden-grind] hit move=33 species=16 def=6 lvl=5 delta=6 hp=7/13 not usable; continuing
  6200  ACTIVE    WILD_SINGLE PRESENT  inB=true  bat=2 flags=0x00000004 idx=0,0,0,0 pos=0,1,255,255 sp=152,16,0,0 hp=8,7,0,0 eParty=1/1 ae=SLOT slot=0 bat=1 opp=1 fnt=0 pParty=1 pSlot=0/1 st0=6,6,6,6
  6414  ACTIVE    WILD_SINGLE PRESENT  inB=true  bat=2 flags=0x00000004 idx=0,0,0,0 pos=0,1,255,255 sp=152,16,0,0 hp=8,0,0,0 eParty=1/1 ae=SLOT slot=0 bat=1 opp=1 fnt=1 pParty=1 pSlot=0/1 st0=6,6,6,6
  [golden-grind] hit move=33 species=16 def=0 lvl=5 delta=7 hp=0/13 not usable; continuing
  6577  ACTIVE    WILD_SINGLE PRESENT  inB=true  bat=2 flags=0x00000004 idx=0,0,0,0 pos=0,1,255,255 sp=152,16,0,0 hp=8,0,0,0 eParty=1/1 ae=SLOT slot=0 bat=1 opp=1 fnt=1 pParty=1 pSlot=0/1 st0=6,6,6,6
  6603  ACTIVE    WILD_SINGLE PRESENT  inB=true  bat=2 flags=0x00000004 idx=0,0,0,0 pos=0,1,255,255 sp=152,16,0,0 hp=11,0,0,0 eParty=1/1 ae=SLOT slot=0 bat=1 opp=1 fnt=1 pParty=1 pSlot=0/1 st0=6,6,6,6
  6676  ACTIVE    WILD_SINGLE PRESENT  inB=true  bat=2 flags=0x00000004 idx=0,0,0,0 pos=0,1,255,255 sp=152,16,0,0 hp=11,0,0,0 eParty=1/1 ae=SLOT slot=0 bat=1 opp=1 fnt=1 pParty=1 pSlot=0/1 st0=6,6,6,6
  6741  ENDING    UNKNOWN   UNKNOWN  inB=true  bat=2 flags=0x00000004 idx=0,0,0,0 pos=0,1,255,255 sp=152,16,0,0 hp=11,0,0,0 eParty=1/0 ae=NONE_ACTIVE slot=-1 bat=-1 opp=0 fnt=0 pParty=1 pSlot=-1/0 st0=6,6,6,6
  6752  ENDING    UNKNOWN   UNKNOWN  inB=true  bat=2 flags=0x00000004 idx=0,0,0,0 pos=0,1,255,255 sp=0,0,0,0 hp=11,0,0,0 eParty=1/0 ae=NONE_ACTIVE slot=-1 bat=-1 opp=0 fnt=0 pParty=1 pSlot=-1/0 st0=6,6,6,6
  6790  INACTIVE  NONE      ABSENT   inB=false bat=2 flags=0x00000004 idx=0,0,0,0 pos=0,1,255,255 sp=0,0,0,0 hp=11,0,0,0 eParty=1/0 ae=NONE_ACTIVE slot=-1 bat=-1 opp=0 fnt=0 pParty=1 pSlot=-1/0 st0=6,6,6,6
  [golden-grind] encounter 2 ended without a usable golden hit
  7107  INACTIVE  NONE      ABSENT   inB=false bat=2 flags=0x00000000 idx=0,0,0,0 pos=0,1,255,255 sp=0,0,0,0 hp=11,0,0,0 eParty=1/0 ae=NONE_ACTIVE slot=-1 bat=-1 opp=0 fnt=0 pParty=1 pSlot=-1/0 st0=6,6,6,6
  7206  ENDING    UNKNOWN   UNKNOWN  inB=true  bat=2 flags=0x00000000 idx=0,0,0,0 pos=255,255,255,255 sp=0,0,0,0 hp=11,0,0,0 eParty=1/0 ae=NONE_ACTIVE slot=-1 bat=-1 opp=0 fnt=0 pParty=1 pSlot=-1/0 st0=6,6,6,6
  7208  ENDING    UNKNOWN   UNKNOWN  inB=true  bat=2 flags=0x00000004 idx=0,0,0,0 pos=255,255,255,255 sp=0,0,0,0 hp=11,0,0,0 eParty=1/0 ae=NONE_ACTIVE slot=-1 bat=-1 opp=0 fnt=0 pParty=1 pSlot=-1/0 st0=6,6,6,6
  7209  ENDING    UNKNOWN   UNKNOWN  inB=true  bat=2 flags=0x00000004 idx=0,0,0,0 pos=0,1,255,255 sp=0,0,0,0 hp=11,0,0,0 eParty=1/0 ae=NONE_ACTIVE slot=-1 bat=-1 opp=0 fnt=0 pParty=1 pSlot=-1/0 st0=6,6,6,6
  7227  ACTIVE    WILD_SINGLE PRESENT  inB=true  bat=2 flags=0x00000004 idx=0,0,0,0 pos=0,1,255,255 sp=0,0,0,0 hp=11,0,0,0 eParty=1/1 ae=NONE_ACTIVE slot=-1 bat=-1 opp=0 fnt=0 pParty=1 pSlot=-1/0 st0=6,6,6,6
  7234  ACTIVE    WILD_SINGLE PRESENT  inB=true  bat=2 flags=0x00000004 idx=0,0,0,0 pos=0,1,255,255 sp=152,16,0,0 hp=11,16,0,0 eParty=1/1 ae=SLOT slot=0 bat=1 opp=1 fnt=0 pParty=1 pSlot=0/1 st0=6,6,6,6
  [golden-grind] encounter 3 frame=7234 kind=WILD_SINGLE species=16 def=8 golden=0
  7652  ENDING    UNKNOWN   UNKNOWN  inB=true  bat=2 flags=0x00000004 idx=0,0,0,0 pos=0,1,255,255 sp=152,16,0,0 hp=11,16,0,0 eParty=1/0 ae=NONE_ACTIVE slot=-1 bat=-1 opp=0 fnt=0 pParty=1 pSlot=-1/0 st0=6,6,6,6
  7680  ENDING    UNKNOWN   UNKNOWN  inB=true  bat=2 flags=0x00000004 idx=0,0,0,0 pos=0,1,255,255 sp=0,0,0,0 hp=11,16,0,0 eParty=1/0 ae=NONE_ACTIVE slot=-1 bat=-1 opp=0 fnt=0 pParty=1 pSlot=-1/0 st0=6,6,6,6
  7719  INACTIVE  NONE      ABSENT   inB=false bat=2 flags=0x00000004 idx=0,0,0,0 pos=0,1,255,255 sp=0,0,0,0 hp=11,16,0,0 eParty=1/0 ae=NONE_ACTIVE slot=-1 bat=-1 opp=0 fnt=0 pParty=1 pSlot=-1/0 st0=6,6,6,6
  [golden-grind] encounter 3 ended without a usable golden hit
  7856  INACTIVE  NONE      ABSENT   inB=false bat=2 flags=0x00000000 idx=0,0,0,0 pos=0,1,255,255 sp=0,0,0,0 hp=11,16,0,0 eParty=1/0 ae=NONE_ACTIVE slot=-1 bat=-1 opp=0 fnt=0 pParty=1 pSlot=-1/0 st0=6,6,6,6
  7955  ENDING    UNKNOWN   UNKNOWN  inB=true  bat=2 flags=0x00000000 idx=0,0,0,0 pos=255,255,255,255 sp=0,0,0,0 hp=11,16,0,0 eParty=1/0 ae=NONE_ACTIVE slot=-1 bat=-1 opp=0 fnt=0 pParty=1 pSlot=-1/0 st0=6,6,6,6
  7957  ENDING    UNKNOWN   UNKNOWN  inB=true  bat=2 flags=0x00000004 idx=0,0,0,0 pos=255,255,255,255 sp=0,0,0,0 hp=11,16,0,0 eParty=1/0 ae=NONE_ACTIVE slot=-1 bat=-1 opp=0 fnt=0 pParty=1 pSlot=-1/0 st0=6,6,6,6
  7958  ENDING    UNKNOWN   UNKNOWN  inB=true  bat=2 flags=0x00000004 idx=0,0,0,0 pos=0,1,255,255 sp=0,0,0,0 hp=11,16,0,0 eParty=1/0 ae=NONE_ACTIVE slot=-1 bat=-1 opp=0 fnt=0 pParty=1 pSlot=-1/0 st0=6,6,6,6
  7976  ACTIVE    WILD_SINGLE PRESENT  inB=true  bat=2 flags=0x00000004 idx=0,0,0,0 pos=0,1,255,255 sp=0,0,0,0 hp=11,16,0,0 eParty=1/1 ae=NONE_ACTIVE slot=-1 bat=-1 opp=0 fnt=0 pParty=1 pSlot=-1/0 st0=6,6,6,6
  7983  ACTIVE    WILD_SINGLE PRESENT  inB=true  bat=2 flags=0x00000004 idx=0,0,0,0 pos=0,1,255,255 sp=152,19,0,0 hp=11,13,0,0 eParty=1/1 ae=SLOT slot=0 bat=1 opp=1 fnt=0 pParty=1 pSlot=0/1 st0=6,6,6,6
  [golden-grind] encounter 4 frame=7983 kind=WILD_SINGLE species=19 def=6 golden=0
  8401  ENDING    UNKNOWN   UNKNOWN  inB=true  bat=2 flags=0x00000004 idx=0,0,0,0 pos=0,1,255,255 sp=152,19,0,0 hp=11,13,0,0 eParty=1/0 ae=NONE_ACTIVE slot=-1 bat=-1 opp=0 fnt=0 pParty=1 pSlot=-1/0 st0=6,6,6,6
  8429  ENDING    UNKNOWN   UNKNOWN  inB=true  bat=2 flags=0x00000004 idx=0,0,0,0 pos=0,1,255,255 sp=0,0,0,0 hp=11,13,0,0 eParty=1/0 ae=NONE_ACTIVE slot=-1 bat=-1 opp=0 fnt=0 pParty=1 pSlot=-1/0 st0=6,6,6,6
  8468  INACTIVE  NONE      ABSENT   inB=false bat=2 flags=0x00000004 idx=0,0,0,0 pos=0,1,255,255 sp=0,0,0,0 hp=11,13,0,0 eParty=1/0 ae=NONE_ACTIVE slot=-1 bat=-1 opp=0 fnt=0 pParty=1 pSlot=-1/0 st0=6,6,6,6
  [golden-grind] encounter 4 ended without a usable golden hit
  8813  INACTIVE  NONE      ABSENT   inB=false bat=2 flags=0x00000000 idx=0,0,0,0 pos=0,1,255,255 sp=0,0,0,0 hp=11,13,0,0 eParty=1/0 ae=NONE_ACTIVE slot=-1 bat=-1 opp=0 fnt=0 pParty=1 pSlot=-1/0 st0=6,6,6,6
  8912  ENDING    UNKNOWN   UNKNOWN  inB=true  bat=2 flags=0x00000000 idx=0,0,0,0 pos=255,255,255,255 sp=0,0,0,0 hp=11,13,0,0 eParty=1/0 ae=NONE_ACTIVE slot=-1 bat=-1 opp=0 fnt=0 pParty=1 pSlot=-1/0 st0=6,6,6,6
  8914  ENDING    UNKNOWN   UNKNOWN  inB=true  bat=2 flags=0x00000004 idx=0,0,0,0 pos=255,255,255,255 sp=0,0,0,0 hp=11,13,0,0 eParty=1/0 ae=NONE_ACTIVE slot=-1 bat=-1 opp=0 fnt=0 pParty=1 pSlot=-1/0 st0=6,6,6,6
  8915  ENDING    UNKNOWN   UNKNOWN  inB=true  bat=2 flags=0x00000004 idx=0,0,0,0 pos=0,1,255,255 sp=0,0,0,0 hp=11,13,0,0 eParty=1/0 ae=NONE_ACTIVE slot=-1 bat=-1 opp=0 fnt=0 pParty=1 pSlot=-1/0 st0=6,6,6,6
  8933  ACTIVE    WILD_SINGLE PRESENT  inB=true  bat=2 flags=0x00000004 idx=0,0,0,0 pos=0,1,255,255 sp=0,0,0,0 hp=11,13,0,0 eParty=1/1 ae=NONE_ACTIVE slot=-1 bat=-1 opp=0 fnt=0 pParty=1 pSlot=-1/0 st0=6,6,6,6
  8940  ACTIVE    WILD_SINGLE PRESENT  inB=true  bat=2 flags=0x00000004 idx=0,0,0,0 pos=0,1,255,255 sp=152,187,0,0 hp=11,13,0,0 eParty=1/1 ae=SLOT slot=0 bat=1 opp=1 fnt=0 pParty=1 pSlot=0/1 st0=6,6,6,6
  [golden-grind] encounter 5 frame=8940 kind=WILD_SINGLE species=187 def=6 golden=0
  9358  ENDING    UNKNOWN   UNKNOWN  inB=true  bat=2 flags=0x00000004 idx=0,0,0,0 pos=0,1,255,255 sp=152,187,0,0 hp=11,13,0,0 eParty=1/0 ae=NONE_ACTIVE slot=-1 bat=-1 opp=0 fnt=0 pParty=1 pSlot=-1/0 st0=6,6,6,6
  9386  ENDING    UNKNOWN   UNKNOWN  inB=true  bat=2 flags=0x00000004 idx=0,0,0,0 pos=0,1,255,255 sp=0,0,0,0 hp=11,13,0,0 eParty=1/0 ae=NONE_ACTIVE slot=-1 bat=-1 opp=0 fnt=0 pParty=1 pSlot=-1/0 st0=6,6,6,6
  9425  INACTIVE  NONE      ABSENT   inB=false bat=2 flags=0x00000004 idx=0,0,0,0 pos=0,1,255,255 sp=0,0,0,0 hp=11,13,0,0 eParty=1/0 ae=NONE_ACTIVE slot=-1 bat=-1 opp=0 fnt=0 pParty=1 pSlot=-1/0 st0=6,6,6,6
  [golden-grind] encounter 5 ended without a usable golden hit
 10666  INACTIVE  NONE      ABSENT   inB=false bat=2 flags=0x00000000 idx=0,0,0,0 pos=0,1,255,255 sp=0,0,0,0 hp=11,13,0,0 eParty=1/0 ae=NONE_ACTIVE slot=-1 bat=-1 opp=0 fnt=0 pParty=1 pSlot=-1/0 st0=6,6,6,6
 10765  ENDING    UNKNOWN   UNKNOWN  inB=true  bat=2 flags=0x00000000 idx=0,0,0,0 pos=255,255,255,255 sp=0,0,0,0 hp=11,13,0,0 eParty=1/0 ae=NONE_ACTIVE slot=-1 bat=-1 opp=0 fnt=0 pParty=1 pSlot=-1/0 st0=6,6,6,6
 10767  ENDING    UNKNOWN   UNKNOWN  inB=true  bat=2 flags=0x00000004 idx=0,0,0,0 pos=255,255,255,255 sp=0,0,0,0 hp=11,13,0,0 eParty=1/0 ae=NONE_ACTIVE slot=-1 bat=-1 opp=0 fnt=0 pParty=1 pSlot=-1/0 st0=6,6,6,6
 10768  ENDING    UNKNOWN   UNKNOWN  inB=true  bat=2 flags=0x00000004 idx=0,0,0,0 pos=0,1,255,255 sp=0,0,0,0 hp=11,13,0,0 eParty=1/0 ae=NONE_ACTIVE slot=-1 bat=-1 opp=0 fnt=0 pParty=1 pSlot=-1/0 st0=6,6,6,6
 10786  ACTIVE    WILD_SINGLE PRESENT  inB=true  bat=2 flags=0x00000004 idx=0,0,0,0 pos=0,1,255,255 sp=0,0,0,0 hp=11,13,0,0 eParty=1/1 ae=NONE_ACTIVE slot=-1 bat=-1 opp=0 fnt=0 pParty=1 pSlot=-1/0 st0=6,6,6,6
 10793  ACTIVE    WILD_SINGLE PRESENT  inB=true  bat=2 flags=0x00000004 idx=0,0,0,0 pos=0,1,255,255 sp=152,161,0,0 hp=11,15,0,0 eParty=1/1 ae=SLOT slot=0 bat=1 opp=1 fnt=0 pParty=1 pSlot=0/1 st0=6,6,6,6
  [golden-grind] encounter 6 frame=10793 kind=WILD_SINGLE species=161 def=7 golden=0
 11211  ENDING    UNKNOWN   UNKNOWN  inB=true  bat=2 flags=0x00000004 idx=0,0,0,0 pos=0,1,255,255 sp=152,161,0,0 hp=11,15,0,0 eParty=1/0 ae=NONE_ACTIVE slot=-1 bat=-1 opp=0 fnt=0 pParty=1 pSlot=-1/0 st0=6,6,6,6
 11239  ENDING    UNKNOWN   UNKNOWN  inB=true  bat=2 flags=0x00000004 idx=0,0,0,0 pos=0,1,255,255 sp=0,0,0,0 hp=11,15,0,0 eParty=1/0 ae=NONE_ACTIVE slot=-1 bat=-1 opp=0 fnt=0 pParty=1 pSlot=-1/0 st0=6,6,6,6
 11278  INACTIVE  NONE      ABSENT   inB=false bat=2 flags=0x00000004 idx=0,0,0,0 pos=0,1,255,255 sp=0,0,0,0 hp=11,15,0,0 eParty=1/0 ae=NONE_ACTIVE slot=-1 bat=-1 opp=0 fnt=0 pParty=1 pSlot=-1/0 st0=6,6,6,6
  [golden-grind] encounter 6 ended without a usable golden hit
 11399  INACTIVE  NONE      ABSENT   inB=false bat=2 flags=0x00000000 idx=0,0,0,0 pos=0,1,255,255 sp=0,0,0,0 hp=11,15,0,0 eParty=1/0 ae=NONE_ACTIVE slot=-1 bat=-1 opp=0 fnt=0 pParty=1 pSlot=-1/0 st0=6,6,6,6
 11498  ENDING    UNKNOWN   UNKNOWN  inB=true  bat=2 flags=0x00000000 idx=0,0,0,0 pos=255,255,255,255 sp=0,0,0,0 hp=11,15,0,0 eParty=1/0 ae=NONE_ACTIVE slot=-1 bat=-1 opp=0 fnt=0 pParty=1 pSlot=-1/0 st0=6,6,6,6
 11500  ENDING    UNKNOWN   UNKNOWN  inB=true  bat=2 flags=0x00000004 idx=0,0,0,0 pos=255,255,255,255 sp=0,0,0,0 hp=11,15,0,0 eParty=1/0 ae=NONE_ACTIVE slot=-1 bat=-1 opp=0 fnt=0 pParty=1 pSlot=-1/0 st0=6,6,6,6
 11501  ENDING    UNKNOWN   UNKNOWN  inB=true  bat=2 flags=0x00000004 idx=0,0,0,0 pos=0,1,255,255 sp=0,0,0,0 hp=11,15,0,0 eParty=1/0 ae=NONE_ACTIVE slot=-1 bat=-1 opp=0 fnt=0 pParty=1 pSlot=-1/0 st0=6,6,6,6
 11519  ACTIVE    WILD_SINGLE PRESENT  inB=true  bat=2 flags=0x00000004 idx=0,0,0,0 pos=0,1,255,255 sp=0,0,0,0 hp=11,15,0,0 eParty=1/1 ae=NONE_ACTIVE slot=-1 bat=-1 opp=0 fnt=0 pParty=1 pSlot=-1/0 st0=6,6,6,6
 11526  ACTIVE    WILD_SINGLE PRESENT  inB=true  bat=2 flags=0x00000004 idx=0,0,0,0 pos=0,1,255,255 sp=152,16,0,0 hp=11,15,0,0 eParty=1/1 ae=SLOT slot=0 bat=1 opp=1 fnt=0 pParty=1 pSlot=0/1 st0=6,6,6,6
  [golden-grind] encounter 7 frame=11526 kind=WILD_SINGLE species=16 def=7 golden=1
 12216  ACTIVE    WILD_SINGLE PRESENT  inB=true  bat=2 flags=0x00000004 idx=0,0,0,0 pos=0,1,255,255 sp=152,16,0,0 hp=11,9,0,0 eParty=1/1 ae=SLOT slot=0 bat=1 opp=1 fnt=0 pParty=1 pSlot=0/1 st0=6,6,6,6
[GOLDEN] label=grind-hit frame=12215 lifecycle=ACTIVE kind=WILD_SINGLE battlers=2 absent=0x00 presence=PRESENT playerParty=1 enemyParty=1
[GOLDEN] side=player battler=0 partySlot=0 status=2 ability=65 abilityObs=1 types=13,13,10 typesObs=1 item=0 itemObs=1 statsObs=1 atk=13 def=13 spe=9 spa=12 spd=12 stagesObs=1 stages=0,0,0,0,0,0,0,0 badgesObs=1 badges=0,0,0,0,0 rawBadges=0x00 absentReadable=1 battlersCountReadable=1
[GOLDEN] side=player species=152 hp=11 maxHP=23 moves=33,45,75,0 partyIndex=0
[GOLDEN] side=enemy battler=1 partySlot=0 status=2 ability=77 abilityObs=1 types=1,3,10 typesObs=1 item=0 itemObs=1 statsObs=1 atk=8 def=7 spe=8 spa=7 spd=7 stagesObs=1 stages=0,0,0,0,0,0,0,0 badgesObs=0 badges=0,0,0,0,0 rawBadges=0x00 absentReadable=1 battlersCountReadable=1
[GOLDEN] side=enemy species=16 hp=15 maxHP=15 moves=33,64,0,0 partyIndex=0
[GOLDEN-HIT] PASS setup=0 move=75 attackerSpecies=152 attackerLevel=6 defenderSpecies=16 defenderLevel=3 defenderHpMax=15 defenderDef=7 defenderDefStage=0 hpBefore=15 hpAfter=9 damage=6 frame=12216

-- summary --
frames run                    : 12216
frames checked                : 12216
runtime invariant violations  : 0
script errors                 : 0
script runner status          : ok
result                        : PASS
-- regions after unload: 0 (must be 0) --
-- read after unload must be rejected: rejected (correct) --
