== DualDex H&S 2.0.5 runtime battle-state probe ==
core   : /home/dq/Projects/upstream-hns/mgba-host/mgba_libretro.so
rom    : /home/dq/Downloads/Pokémon Heart and Soul (v2.0.5).gba
save   : /tmp/hns205-group-d-gorilla.sav
script : tools/hns-runtime-probe/scenarios/70-group-d-gorilla-gimmick.txt
layout : playerParty=0x34764 playerPartyCount=0x342A4 enemyParty=0x342B4 enemyPartyCount=0x342A5 battleMons=0x420 battlersCount=0xB0 battleTypeFlags=0xAC outcome=0x12C partyIndexes=0x144 positions=0x238 absentFlags=0x30A gMain=0x03005BD8+0x439 bit 1
rom sha256 : edf76ecf2a1c23a65c62ab63b1c0e775965978c81baeed20e249e96b3417679b
[ROM] path=/home/dq/Downloads/Pokémon Heart and Soul (v2.0.5).gba sha256=edf76ecf2a1c23a65c62ab63b1c0e775965978c81baeed20e249e96b3417679b loaded=1

-- memory regions after load: 0 --
save RAM size: 131072 bytes
battery save load: OK

-- runtime table (a row appears on every observed state change) --
[GROUP-D] frame=1436 role=0 status=0 battler=-1 species=0 ability=0 item=0/0 personality=0/0 volatiles=0 slow=0 flash=0 transformed=0 booster=0 selector=0 ruin=0,0,0,0 ng=0 first=0/0 supreme=0/0 selected=0/0 active=0/0 analytic=0/0 move=0 callback=00000000 action=0 index=0 attacker=0 main1=08197469 dispatchSlot=00000000 dispatch=00000000 rom=edf76ecf2a1c23a65c62ab63b1c0e775965978c81baeed20e249e96b3417679b
[GROUP-D] frame=1436 role=1 status=0 battler=-1 species=0 ability=0 item=0/0 personality=0/0 volatiles=0 slow=0 flash=0 transformed=0 booster=0 selector=0 ruin=0,0,0,0 ng=0 first=0/0 supreme=0/0 selected=0/0 active=0/0 analytic=0/0 move=0 callback=00000000 action=0 index=0 attacker=0 main1=08197469 dispatchSlot=00000000 dispatch=00000000 rom=edf76ecf2a1c23a65c62ab63b1c0e775965978c81baeed20e249e96b3417679b
[GROUP-D] frame=1699 role=0 status=0 battler=-1 species=0 ability=0 item=0/0 personality=0/0 volatiles=0 slow=0 flash=0 transformed=0 booster=0 selector=0 ruin=0,0,0,0 ng=0 first=0/0 supreme=0/0 selected=0/0 active=0/0 analytic=0/0 move=0 callback=08086C89 action=0 index=0 attacker=0 main1=08197469 dispatchSlot=00000000 dispatch=00000000 rom=edf76ecf2a1c23a65c62ab63b1c0e775965978c81baeed20e249e96b3417679b
[GROUP-D] frame=1699 role=1 status=0 battler=-1 species=0 ability=0 item=0/0 personality=0/0 volatiles=0 slow=0 flash=0 transformed=0 booster=0 selector=0 ruin=0,0,0,0 ng=0 first=0/0 supreme=0/0 selected=0/0 active=0/0 analytic=0/0 move=0 callback=08086C89 action=0 index=0 attacker=0 main1=08197469 dispatchSlot=00000000 dispatch=00000000 rom=edf76ecf2a1c23a65c62ab63b1c0e775965978c81baeed20e249e96b3417679b
[GROUP-D] frame=1702 role=0 status=0 battler=-1 species=0 ability=0 item=0/0 personality=0/0 volatiles=0 slow=0 flash=0 transformed=0 booster=0 selector=0 ruin=0,0,0,0 ng=0 first=0/0 supreme=0/0 selected=0/0 active=0/0 analytic=0/0 move=0 callback=08086C8D action=0 index=0 attacker=0 main1=08197469 dispatchSlot=00000000 dispatch=00000000 rom=edf76ecf2a1c23a65c62ab63b1c0e775965978c81baeed20e249e96b3417679b
[GROUP-D] frame=1702 role=1 status=0 battler=-1 species=0 ability=0 item=0/0 personality=0/0 volatiles=0 slow=0 flash=0 transformed=0 booster=0 selector=0 ruin=0,0,0,0 ng=0 first=0/0 supreme=0/0 selected=0/0 active=0/0 analytic=0/0 move=0 callback=08086C8D action=0 index=0 attacker=0 main1=08197469 dispatchSlot=00000000 dispatch=00000000 rom=edf76ecf2a1c23a65c62ab63b1c0e775965978c81baeed20e249e96b3417679b
  [hunt] ENCOUNTER after 10 iterations
  [assert] battle=active OK (frame 1715)
  [damage-probe] move=150 maxTurns=1 kind=WILD_SINGLE battlers=2 enemyParty=1 activeEnemy=NONE_ACTIVE slot=-1 battler=-1 at frame 1715
  [damage-probe] opponent battler=1 species=0 hp=0/0
[GROUP-D] frame=1719 role=0 status=0 battler=-1 species=0 ability=0 item=0/0 personality=0/0 volatiles=0 slow=0 flash=0 transformed=0 booster=0 selector=0 ruin=0,0,0,0 ng=0 first=0/0 supreme=0/0 selected=0/0 active=0/0 analytic=0/0 move=0 callback=08086C8D action=0 index=0 attacker=0 main1=080822F1 dispatchSlot=03002F74 dispatch=08086C8D rom=edf76ecf2a1c23a65c62ab63b1c0e775965978c81baeed20e249e96b3417679b
[GROUP-D] frame=1719 role=1 status=0 battler=-1 species=0 ability=0 item=0/0 personality=0/0 volatiles=0 slow=0 flash=0 transformed=0 booster=0 selector=0 ruin=0,0,0,0 ng=0 first=0/0 supreme=0/0 selected=0/0 active=0/0 analytic=0/0 move=0 callback=08086C8D action=0 index=0 attacker=0 main1=080822F1 dispatchSlot=03002F74 dispatch=08086C8D rom=edf76ecf2a1c23a65c62ab63b1c0e775965978c81baeed20e249e96b3417679b
[GROUP-D] frame=1720 role=0 status=0 battler=-1 species=0 ability=0 item=0/0 personality=0/0 volatiles=0 slow=0 flash=0 transformed=0 booster=0 selector=0 ruin=0,0,0,0 ng=0 first=0/0 supreme=0/0 selected=0/0 active=0/0 analytic=0/0 move=0 callback=08087D5D action=0 index=0 attacker=0 main1=080822F1 dispatchSlot=03002F74 dispatch=08087D5D rom=edf76ecf2a1c23a65c62ab63b1c0e775965978c81baeed20e249e96b3417679b
[GROUP-D] frame=1720 role=1 status=0 battler=-1 species=0 ability=0 item=0/0 personality=0/0 volatiles=0 slow=0 flash=0 transformed=0 booster=0 selector=0 ruin=0,0,0,0 ng=0 first=0/0 supreme=0/0 selected=0/0 active=0/0 analytic=0/0 move=0 callback=08087D5D action=0 index=0 attacker=0 main1=080822F1 dispatchSlot=03002F74 dispatch=08087D5D rom=edf76ecf2a1c23a65c62ab63b1c0e775965978c81baeed20e249e96b3417679b
[GROUP-D] frame=1727 role=0 status=2 battler=0 species=990 ability=255 item=1/0 personality=1/3312869119 volatiles=1 slow=0 flash=0 transformed=0 booster=0 selector=0 ruin=0,0,0,0 ng=0 first=1/2 supreme=1/0 selected=1/0 active=1/0 analytic=0/0 move=0 callback=08087D5D action=0 index=0 attacker=0 main1=080822F1 dispatchSlot=03002F74 dispatch=08087D5D rom=edf76ecf2a1c23a65c62ab63b1c0e775965978c81baeed20e249e96b3417679b
[GROUP-D] frame=1727 role=1 status=2 battler=1 species=19 ability=50 item=1/0 personality=1/1366606968 volatiles=1 slow=0 flash=0 transformed=0 booster=0 selector=0 ruin=0,0,0,0 ng=0 first=1/2 supreme=1/0 selected=1/0 active=1/0 analytic=0/0 move=0 callback=08087D5D action=0 index=0 attacker=0 main1=080822F1 dispatchSlot=03002F74 dispatch=08087D5D rom=edf76ecf2a1c23a65c62ab63b1c0e775965978c81baeed20e249e96b3417679b
  [damage-probe] turn=0 battler=1 species=19 hp 0 -> 13 (delta -13 of maxHP 13) faint=no crit=UNKNOWN frame=1727
[GROUP-D] frame=2099 role=0 status=2 battler=0 species=990 ability=255 item=1/0 personality=1/3312869119 volatiles=1 slow=0 flash=0 transformed=0 booster=0 selector=0 ruin=0,0,0,0 ng=0 first=1/2 supreme=1/0 selected=1/0 active=1/0 analytic=0/0 move=0 callback=08085081 action=0 index=0 attacker=0 main1=080822F1 dispatchSlot=03002F74 dispatch=08085081 rom=edf76ecf2a1c23a65c62ab63b1c0e775965978c81baeed20e249e96b3417679b
[GROUP-D] frame=2099 role=1 status=2 battler=1 species=19 ability=50 item=1/0 personality=1/1366606968 volatiles=1 slow=0 flash=0 transformed=0 booster=0 selector=0 ruin=0,0,0,0 ng=0 first=1/2 supreme=1/0 selected=1/0 active=1/0 analytic=0/0 move=0 callback=08085081 action=0 index=0 attacker=0 main1=080822F1 dispatchSlot=03002F74 dispatch=08085081 rom=edf76ecf2a1c23a65c62ab63b1c0e775965978c81baeed20e249e96b3417679b
[GROUP-D] frame=2105 role=0 status=2 battler=0 species=990 ability=255 item=1/0 personality=1/3312869119 volatiles=1 slow=0 flash=0 transformed=0 booster=0 selector=0 ruin=0,0,0,0 ng=0 first=1/2 supreme=1/0 selected=1/0 active=1/0 analytic=0/0 move=0 callback=0808B441 action=0 index=0 attacker=0 main1=080822F1 dispatchSlot=03002F74 dispatch=0808B441 rom=edf76ecf2a1c23a65c62ab63b1c0e775965978c81baeed20e249e96b3417679b
[GROUP-D] frame=2105 role=1 status=2 battler=1 species=19 ability=50 item=1/0 personality=1/1366606968 volatiles=1 slow=0 flash=0 transformed=0 booster=0 selector=0 ruin=0,0,0,0 ng=0 first=1/2 supreme=1/0 selected=1/0 active=1/0 analytic=0/0 move=0 callback=0808B441 action=0 index=0 attacker=0 main1=080822F1 dispatchSlot=03002F74 dispatch=0808B441 rom=edf76ecf2a1c23a65c62ab63b1c0e775965978c81baeed20e249e96b3417679b
[GROUP-D] frame=2107 role=0 status=2 battler=0 species=990 ability=255 item=1/0 personality=1/3312869119 volatiles=1 slow=0 flash=0 transformed=0 booster=0 selector=0 ruin=0,0,0,0 ng=0 first=1/2 supreme=1/0 selected=1/0 active=1/0 analytic=0/0 move=0 callback=08085081 action=0 index=0 attacker=0 main1=080822F1 dispatchSlot=03002F74 dispatch=08085081 rom=edf76ecf2a1c23a65c62ab63b1c0e775965978c81baeed20e249e96b3417679b
[GROUP-D] frame=2107 role=1 status=2 battler=1 species=19 ability=50 item=1/0 personality=1/1366606968 volatiles=1 slow=0 flash=0 transformed=0 booster=0 selector=0 ruin=0,0,0,0 ng=0 first=1/2 supreme=1/0 selected=1/0 active=1/0 analytic=0/0 move=0 callback=08085081 action=0 index=0 attacker=0 main1=080822F1 dispatchSlot=03002F74 dispatch=08085081 rom=edf76ecf2a1c23a65c62ab63b1c0e775965978c81baeed20e249e96b3417679b
[GROUP-D] frame=2112 role=0 status=2 battler=0 species=990 ability=255 item=1/0 personality=1/3312869119 volatiles=1 slow=0 flash=0 transformed=0 booster=0 selector=0 ruin=0,0,0,0 ng=0 first=1/1 supreme=1/0 selected=1/0 active=1/0 analytic=0/0 move=0 callback=08088DED action=0 index=0 attacker=0 main1=080822F1 dispatchSlot=03002F74 dispatch=08088DED rom=edf76ecf2a1c23a65c62ab63b1c0e775965978c81baeed20e249e96b3417679b
[GROUP-D] frame=2112 role=1 status=2 battler=1 species=19 ability=50 item=1/0 personality=1/1366606968 volatiles=1 slow=0 flash=0 transformed=0 booster=0 selector=0 ruin=0,0,0,0 ng=0 first=1/1 supreme=1/0 selected=1/0 active=1/0 analytic=0/0 move=0 callback=08088DED action=0 index=0 attacker=0 main1=080822F1 dispatchSlot=03002F74 dispatch=08088DED rom=edf76ecf2a1c23a65c62ab63b1c0e775965978c81baeed20e249e96b3417679b
[GROUP-D] frame=2141 role=0 status=2 battler=0 species=990 ability=255 item=1/0 personality=1/3312869119 volatiles=1 slow=0 flash=0 transformed=0 booster=0 selector=0 ruin=0,0,0,0 ng=0 first=1/1 supreme=1/0 selected=1/0 active=1/0 analytic=0/0 move=0 callback=0808AE4D action=0 index=0 attacker=0 main1=080822F1 dispatchSlot=03002F74 dispatch=0808AE4D rom=edf76ecf2a1c23a65c62ab63b1c0e775965978c81baeed20e249e96b3417679b
[GROUP-D] frame=2141 role=1 status=2 battler=1 species=19 ability=50 item=1/0 personality=1/1366606968 volatiles=1 slow=0 flash=0 transformed=0 booster=0 selector=0 ruin=0,0,0,0 ng=0 first=1/1 supreme=1/0 selected=1/0 active=1/0 analytic=0/0 move=0 callback=0808AE4D action=0 index=0 attacker=0 main1=080822F1 dispatchSlot=03002F74 dispatch=0808AE4D rom=edf76ecf2a1c23a65c62ab63b1c0e775965978c81baeed20e249e96b3417679b
[GROUP-D] frame=2142 role=0 status=2 battler=0 species=990 ability=255 item=1/0 personality=1/3312869119 volatiles=1 slow=0 flash=0 transformed=0 booster=0 selector=0 ruin=0,0,0,0 ng=0 first=1/1 supreme=1/0 selected=1/0 active=1/0 analytic=0/0 move=0 callback=08084E35 action=0 index=0 attacker=0 main1=080822F1 dispatchSlot=03002F74 dispatch=08084E35 rom=edf76ecf2a1c23a65c62ab63b1c0e775965978c81baeed20e249e96b3417679b
[GROUP-D] frame=2142 role=1 status=2 battler=1 species=19 ability=50 item=1/0 personality=1/1366606968 volatiles=1 slow=0 flash=0 transformed=0 booster=0 selector=0 ruin=0,0,0,0 ng=0 first=1/1 supreme=1/0 selected=1/0 active=1/0 analytic=0/0 move=0 callback=08084E35 action=0 index=0 attacker=0 main1=080822F1 dispatchSlot=03002F74 dispatch=08084E35 rom=edf76ecf2a1c23a65c62ab63b1c0e775965978c81baeed20e249e96b3417679b
[GROUP-D] frame=2143 role=0 status=2 battler=0 species=990 ability=255 item=1/0 personality=1/3312869119 volatiles=1 slow=0 flash=0 transformed=0 booster=0 selector=0 ruin=0,0,0,0 ng=0 first=1/1 supreme=1/0 selected=1/0 active=1/0 analytic=0/0 move=0 callback=0808AA35 action=0 index=0 attacker=1 main1=080822F1 dispatchSlot=03002F74 dispatch=0808AA35 rom=edf76ecf2a1c23a65c62ab63b1c0e775965978c81baeed20e249e96b3417679b
[GROUP-D] frame=2143 role=1 status=2 battler=1 species=19 ability=50 item=1/0 personality=1/1366606968 volatiles=1 slow=0 flash=0 transformed=0 booster=0 selector=0 ruin=0,0,0,0 ng=0 first=1/1 supreme=1/0 selected=1/0 active=1/0 analytic=0/0 move=0 callback=0808AA35 action=0 index=0 attacker=1 main1=080822F1 dispatchSlot=03002F74 dispatch=0808AA35 rom=edf76ecf2a1c23a65c62ab63b1c0e775965978c81baeed20e249e96b3417679b
[GROUP-D] frame=2144 role=0 status=2 battler=0 species=990 ability=255 item=1/0 personality=1/3312869119 volatiles=1 slow=0 flash=0 transformed=0 booster=0 selector=0 ruin=0,0,0,0 ng=0 first=1/1 supreme=1/0 selected=1/0 active=1/0 analytic=1/2 move=150 callback=0808AA35 action=10 index=0 attacker=0 main1=080822F1 dispatchSlot=03002F74 dispatch=0808AA35 rom=edf76ecf2a1c23a65c62ab63b1c0e775965978c81baeed20e249e96b3417679b
[GROUP-D] frame=2144 role=1 status=2 battler=1 species=19 ability=50 item=1/0 personality=1/1366606968 volatiles=1 slow=0 flash=0 transformed=0 booster=0 selector=0 ruin=0,0,0,0 ng=0 first=1/1 supreme=1/0 selected=1/0 active=1/0 analytic=0/0 move=0 callback=0808AA35 action=10 index=0 attacker=0 main1=080822F1 dispatchSlot=03002F74 dispatch=0808AA35 rom=edf76ecf2a1c23a65c62ab63b1c0e775965978c81baeed20e249e96b3417679b
[GROUP-D] frame=2323 role=0 status=2 battler=0 species=990 ability=255 item=1/0 personality=1/3312869119 volatiles=1 slow=0 flash=0 transformed=0 booster=0 selector=0 ruin=0,0,0,0 ng=0 first=1/1 supreme=1/0 selected=1/0 active=1/0 analytic=0/0 move=0 callback=0808AA35 action=11 index=0 attacker=0 main1=080822F1 dispatchSlot=03002F74 dispatch=0808AA35 rom=edf76ecf2a1c23a65c62ab63b1c0e775965978c81baeed20e249e96b3417679b
[GROUP-D] frame=2323 role=1 status=2 battler=1 species=19 ability=50 item=1/0 personality=1/1366606968 volatiles=1 slow=0 flash=0 transformed=0 booster=0 selector=0 ruin=0,0,0,0 ng=0 first=1/1 supreme=1/0 selected=1/0 active=1/0 analytic=0/0 move=0 callback=0808AA35 action=11 index=0 attacker=0 main1=080822F1 dispatchSlot=03002F74 dispatch=0808AA35 rom=edf76ecf2a1c23a65c62ab63b1c0e775965978c81baeed20e249e96b3417679b
[GROUP-D] frame=2324 role=0 status=2 battler=0 species=990 ability=255 item=1/0 personality=1/3312869119 volatiles=1 slow=0 flash=0 transformed=0 booster=0 selector=0 ruin=0,0,0,0 ng=0 first=1/1 supreme=1/0 selected=1/0 active=1/0 analytic=0/0 move=0 callback=0808AA35 action=12 index=0 attacker=0 main1=080822F1 dispatchSlot=03002F74 dispatch=0808AA35 rom=edf76ecf2a1c23a65c62ab63b1c0e775965978c81baeed20e249e96b3417679b
[GROUP-D] frame=2324 role=1 status=2 battler=1 species=19 ability=50 item=1/0 personality=1/1366606968 volatiles=1 slow=0 flash=0 transformed=0 booster=0 selector=0 ruin=0,0,0,0 ng=0 first=1/1 supreme=1/0 selected=1/0 active=1/0 analytic=0/0 move=0 callback=0808AA35 action=12 index=0 attacker=0 main1=080822F1 dispatchSlot=03002F74 dispatch=0808AA35 rom=edf76ecf2a1c23a65c62ab63b1c0e775965978c81baeed20e249e96b3417679b
[GROUP-D] frame=2325 role=0 status=2 battler=0 species=990 ability=255 item=1/0 personality=1/3312869119 volatiles=1 slow=0 flash=0 transformed=0 booster=0 selector=0 ruin=0,0,0,0 ng=0 first=1/1 supreme=1/0 selected=1/0 active=1/0 analytic=0/0 move=0 callback=0808AA35 action=0 index=1 attacker=0 main1=080822F1 dispatchSlot=03002F74 dispatch=0808AA35 rom=edf76ecf2a1c23a65c62ab63b1c0e775965978c81baeed20e249e96b3417679b
[GROUP-D] frame=2325 role=1 status=2 battler=1 species=19 ability=50 item=1/0 personality=1/1366606968 volatiles=1 slow=0 flash=0 transformed=0 booster=0 selector=0 ruin=0,0,0,0 ng=0 first=1/1 supreme=1/0 selected=1/0 active=1/0 analytic=0/0 move=0 callback=0808AA35 action=0 index=1 attacker=0 main1=080822F1 dispatchSlot=03002F74 dispatch=0808AA35 rom=edf76ecf2a1c23a65c62ab63b1c0e775965978c81baeed20e249e96b3417679b
[GROUP-D] frame=2326 role=0 status=2 battler=0 species=990 ability=255 item=1/0 personality=1/3312869119 volatiles=1 slow=0 flash=0 transformed=0 booster=0 selector=0 ruin=0,0,0,0 ng=0 first=1/1 supreme=1/0 selected=1/0 active=1/0 analytic=0/0 move=0 callback=0808AA35 action=10 index=1 attacker=1 main1=080822F1 dispatchSlot=03002F74 dispatch=0808AA35 rom=edf76ecf2a1c23a65c62ab63b1c0e775965978c81baeed20e249e96b3417679b
[GROUP-D] frame=2326 role=1 status=2 battler=1 species=19 ability=50 item=1/0 personality=1/1366606968 volatiles=1 slow=0 flash=0 transformed=0 booster=0 selector=0 ruin=0,0,0,0 ng=0 first=1/1 supreme=1/0 selected=1/0 active=1/0 analytic=1/1 move=33 callback=0808AA35 action=10 index=1 attacker=1 main1=080822F1 dispatchSlot=03002F74 dispatch=0808AA35 rom=edf76ecf2a1c23a65c62ab63b1c0e775965978c81baeed20e249e96b3417679b
[GROUP-D] frame=2466 role=0 status=2 battler=0 species=990 ability=255 item=1/0 personality=1/3312869119 volatiles=1 slow=0 flash=0 transformed=0 booster=0 selector=0 ruin=0,0,0,0 ng=0 first=1/1 supreme=1/0 selected=1/0 active=1/0 analytic=0/0 move=0 callback=0808AA35 action=11 index=1 attacker=1 main1=080822F1 dispatchSlot=03002F74 dispatch=0808AA35 rom=edf76ecf2a1c23a65c62ab63b1c0e775965978c81baeed20e249e96b3417679b
[GROUP-D] frame=2466 role=1 status=2 battler=1 species=19 ability=50 item=1/0 personality=1/1366606968 volatiles=1 slow=0 flash=0 transformed=0 booster=0 selector=0 ruin=0,0,0,0 ng=0 first=1/1 supreme=1/0 selected=1/0 active=1/0 analytic=0/0 move=0 callback=0808AA35 action=11 index=1 attacker=1 main1=080822F1 dispatchSlot=03002F74 dispatch=0808AA35 rom=edf76ecf2a1c23a65c62ab63b1c0e775965978c81baeed20e249e96b3417679b
[GROUP-D] frame=2467 role=0 status=2 battler=0 species=990 ability=255 item=1/0 personality=1/3312869119 volatiles=1 slow=0 flash=0 transformed=0 booster=0 selector=0 ruin=0,0,0,0 ng=0 first=1/1 supreme=1/0 selected=1/0 active=1/0 analytic=0/0 move=0 callback=0808AA35 action=12 index=1 attacker=1 main1=080822F1 dispatchSlot=03002F74 dispatch=0808AA35 rom=edf76ecf2a1c23a65c62ab63b1c0e775965978c81baeed20e249e96b3417679b
[GROUP-D] frame=2467 role=1 status=2 battler=1 species=19 ability=50 item=1/0 personality=1/1366606968 volatiles=1 slow=0 flash=0 transformed=0 booster=0 selector=0 ruin=0,0,0,0 ng=0 first=1/1 supreme=1/0 selected=1/0 active=1/0 analytic=0/0 move=0 callback=0808AA35 action=12 index=1 attacker=1 main1=080822F1 dispatchSlot=03002F74 dispatch=0808AA35 rom=edf76ecf2a1c23a65c62ab63b1c0e775965978c81baeed20e249e96b3417679b
[GROUP-D] frame=2468 role=0 status=2 battler=0 species=990 ability=255 item=1/0 personality=1/3312869119 volatiles=1 slow=0 flash=0 transformed=0 booster=0 selector=0 ruin=0,0,0,0 ng=0 first=1/1 supreme=1/0 selected=1/0 active=1/0 analytic=0/0 move=0 callback=08084C25 action=0 index=2 attacker=1 main1=080822F1 dispatchSlot=03002F74 dispatch=08084C25 rom=edf76ecf2a1c23a65c62ab63b1c0e775965978c81baeed20e249e96b3417679b
[GROUP-D] frame=2468 role=1 status=2 battler=1 species=19 ability=50 item=1/0 personality=1/1366606968 volatiles=1 slow=0 flash=0 transformed=0 booster=0 selector=0 ruin=0,0,0,0 ng=0 first=1/1 supreme=1/0 selected=1/0 active=1/0 analytic=0/0 move=0 callback=08084C25 action=0 index=2 attacker=1 main1=080822F1 dispatchSlot=03002F74 dispatch=08084C25 rom=edf76ecf2a1c23a65c62ab63b1c0e775965978c81baeed20e249e96b3417679b
[GROUP-D] frame=2469 role=0 status=2 battler=0 species=990 ability=255 item=1/0 personality=1/3312869119 volatiles=1 slow=0 flash=0 transformed=0 booster=0 selector=0 ruin=0,0,0,0 ng=0 first=1/1 supreme=1/0 selected=1/0 active=1/0 analytic=0/0 move=0 callback=08084555 action=0 index=2 attacker=1 main1=080822F1 dispatchSlot=03002F74 dispatch=08084555 rom=edf76ecf2a1c23a65c62ab63b1c0e775965978c81baeed20e249e96b3417679b
[GROUP-D] frame=2469 role=1 status=2 battler=1 species=19 ability=50 item=1/0 personality=1/1366606968 volatiles=1 slow=0 flash=0 transformed=0 booster=0 selector=0 ruin=0,0,0,0 ng=0 first=1/1 supreme=1/0 selected=1/0 active=1/0 analytic=0/0 move=0 callback=08084555 action=0 index=2 attacker=1 main1=080822F1 dispatchSlot=03002F74 dispatch=08084555 rom=edf76ecf2a1c23a65c62ab63b1c0e775965978c81baeed20e249e96b3417679b
[GROUP-D] frame=2470 role=0 status=2 battler=0 species=990 ability=255 item=1/0 personality=1/3312869119 volatiles=1 slow=0 flash=0 transformed=0 booster=0 selector=0 ruin=0,0,0,0 ng=0 first=1/0 supreme=1/0 selected=1/0 active=1/0 analytic=0/0 move=0 callback=08088DED action=0 index=2 attacker=1 main1=080822F1 dispatchSlot=03002F74 dispatch=08088DED rom=edf76ecf2a1c23a65c62ab63b1c0e775965978c81baeed20e249e96b3417679b
[GROUP-D] frame=2470 role=1 status=2 battler=1 species=19 ability=50 item=1/0 personality=1/1366606968 volatiles=1 slow=0 flash=0 transformed=0 booster=0 selector=0 ruin=0,0,0,0 ng=0 first=1/0 supreme=1/0 selected=1/0 active=1/0 analytic=0/0 move=0 callback=08088DED action=0 index=2 attacker=1 main1=080822F1 dispatchSlot=03002F74 dispatch=08088DED rom=edf76ecf2a1c23a65c62ab63b1c0e775965978c81baeed20e249e96b3417679b
  [damage-probe] move=33 maxTurns=1 kind=WILD_SINGLE battlers=2 enemyParty=1 activeEnemy=SLOT slot=0 battler=1 at frame 2483
  [damage-probe] opponent battler=1 species=19 hp=13/13
[GROUP-D] frame=2510 role=0 status=2 battler=0 species=990 ability=255 item=1/0 personality=1/3312869119 volatiles=1 slow=0 flash=0 transformed=0 booster=0 selector=0 ruin=0,0,0,0 ng=0 first=1/0 supreme=1/0 selected=1/0 active=1/0 analytic=0/0 move=0 callback=08088DED action=0 index=2 attacker=0 main1=080822F1 dispatchSlot=03002F74 dispatch=08088DED rom=edf76ecf2a1c23a65c62ab63b1c0e775965978c81baeed20e249e96b3417679b
[GROUP-D] frame=2510 role=1 status=2 battler=1 species=19 ability=50 item=1/0 personality=1/1366606968 volatiles=1 slow=0 flash=0 transformed=0 booster=0 selector=0 ruin=0,0,0,0 ng=0 first=1/0 supreme=1/0 selected=1/0 active=1/0 analytic=0/0 move=0 callback=08088DED action=0 index=2 attacker=0 main1=080822F1 dispatchSlot=03002F74 dispatch=08088DED rom=edf76ecf2a1c23a65c62ab63b1c0e775965978c81baeed20e249e96b3417679b
[MATRIX] group-d-end pos=65,20@0/11 frame=19994 inBattle=true lifecycle=ACTIVE kind=WILD_SINGLE presence=PRESENT battlers=2 typeFlags=0x00000004 outcome=0 absent=0x00 positions=0,1,255,255 indexes=0,0,0,0 enemyPartyCount=1 playerPartyCount=1 species=990,19,0,0 hp=499,13,0,0 maxHP=500,13,0,0 statStages0=6,6,6,6,6,6,6,6 activeEnemy=SLOT resolvedBattler=1 resolvedEnemySlot=0 opponentBattlers=1 fainted=0 activePlayerSlot=0 playerKnown=1 playerBattler=0 playerAbility=255 playerTypes=16,16,10 playerBStatus=2 enemyBattler=1 enemyAbility=50 enemyTypes=1,1,10 enemyBStatus=2

-- summary --
frames run                    : 19994
frames checked                : 19994
runtime invariant violations  : 0
script errors                 : 0
script runner status          : ok
result                        : PASS
-- regions after unload: 0 (must be 0) --
-- read after unload must be rejected: rejected (correct) --
